// Jest Snapshot v1, https://goo.gl/fbAQLP

exports[`renders correctly... 1`] = `
<div>
  <div
    class="sc-ikZpkk bbAqvH form-page sc-olbas hhOaRr"
  >
    <div
      class="sc-iBkjds aKHRi"
      direction="row"
      wrap="nowrap"
    >
      <div
        class="sc-gKXOVf kfUyED left-pane"
        direction="column"
      >
        <div
          class="sc-eKszNL eKBqlr content-filter"
        >
          <div>
            <div
              class="sc-gKXOVf kfUyED sc-ciZhAO hrGZIe frm-in"
              direction="column"
            >
              <div>
                <label
                  class=""
                  for="sel-productId"
                >
                  Product Designation
                </label>
              </div>
              <div
                class="sc-iBkjds hlCHXr"
                data-tooltip-id="select-tooltip"
                direction="row"
              >
                <div
                  class="sc-jdAMXn cyHOHD css-b62m3t-container"
                  id="sel-productId"
                >
                  <span
                    class="css-1f43avz-a11yText-A11yText"
                    id="react-select-2-live-region"
                  />
                  <span
                    aria-atomic="false"
                    aria-live="polite"
                    aria-relevant="additions text"
                    class="css-1f43avz-a11yText-A11yText"
                  />
                  <div
                    class="rs__control css-1s2u09g-control"
                  >
                    <div
                      class="rs__value-container css-319lph-ValueContainer"
                    >
                      <div
                        class="rs__placeholder css-14el2xx-placeholder"
                        id="react-select-2-placeholder"
                      >
                        Select...
                      </div>
                      <div
                        class="rs__input-container css-6j8wv5-Input"
                        data-value=""
                      >
                        <input
                          aria-autocomplete="list"
                          aria-describedby="react-select-2-placeholder"
                          aria-expanded="false"
                          aria-haspopup="true"
                          autocapitalize="none"
                          autocomplete="off"
                          autocorrect="off"
                          class="rs__input"
                          id="react-select-2-input"
                          role="combobox"
                          spellcheck="false"
                          style="opacity: 1; width: 100%; grid-area: 1 / 2; min-width: 2px; border: 0px; margin: 0px; outline: 0; padding: 0px;"
                          tabindex="0"
                          type="text"
                          value=""
                        />
                      </div>
                    </div>
                    <div
                      class="rs__indicators css-1hb7zxy-IndicatorsContainer"
                    >
                      <span
                        class="rs__indicator-separator css-1okebmr-indicatorSeparator"
                      />
                      <div
                        aria-hidden="true"
                        class="rs__indicator rs__dropdown-indicator css-tlfecz-indicatorContainer"
                      >
                        <svg
                          aria-hidden="true"
                          class="css-tj5bde-Svg"
                          focusable="false"
                          height="20"
                          viewBox="0 0 20 20"
                          width="20"
                        >
                          <path
                            d="M4.516 7.548c0.436-0.446 1.043-0.481 1.576 0l3.908 3.747 3.908-3.747c0.533-0.481 1.141-0.446 1.574 0 0.436 0.445 0.408 1.197 0 1.615-0.406 0.418-4.695 4.502-4.695 4.502-0.217 0.223-0.502 0.335-0.787 0.335s-0.57-0.112-0.789-0.335c0 0-4.287-4.084-4.695-4.502s-0.436-1.17 0-1.615z"
                          />
                        </svg>
                      </div>
                    </div>
                  </div>
                  <input
                    name="productId"
                    type="hidden"
                    value=""
                  />
                </div>
              </div>
              <input
                autocomplete="off"
                style="opacity: 0; width: 100%; height: 0px; position: absolute;"
                tabindex="-1"
                value=""
              />
            </div>
            <div
              class="sc-gKXOVf kfUyED sc-ciZhAO hrGZIe frm-in"
              direction="column"
            >
              <div>
                <label
                  class=""
                  for="sel-user"
                >
                  User
                </label>
              </div>
              <div
                class="sc-iBkjds hlCHXr"
                data-tooltip-id="select-tooltip"
                direction="row"
              >
                <div
                  class="sc-jdAMXn cyHOHD css-b62m3t-container"
                  id="sel-user"
                >
                  <span
                    class="css-1f43avz-a11yText-A11yText"
                    id="react-select-3-live-region"
                  />
                  <span
                    aria-atomic="false"
                    aria-live="polite"
                    aria-relevant="additions text"
                    class="css-1f43avz-a11yText-A11yText"
                  />
                  <div
                    class="rs__control css-1s2u09g-control"
                  >
                    <div
                      class="rs__value-container css-319lph-ValueContainer"
                    >
                      <div
                        class="rs__placeholder css-14el2xx-placeholder"
                        id="react-select-3-placeholder"
                      >
                        Select...
                      </div>
                      <div
                        class="rs__input-container css-6j8wv5-Input"
                        data-value=""
                      >
                        <input
                          aria-autocomplete="list"
                          aria-describedby="react-select-3-placeholder"
                          aria-expanded="false"
                          aria-haspopup="true"
                          autocapitalize="none"
                          autocomplete="off"
                          autocorrect="off"
                          class="rs__input"
                          id="react-select-3-input"
                          role="combobox"
                          spellcheck="false"
                          style="opacity: 1; width: 100%; grid-area: 1 / 2; min-width: 2px; border: 0px; margin: 0px; outline: 0; padding: 0px;"
                          tabindex="0"
                          type="text"
                          value=""
                        />
                      </div>
                    </div>
                    <div
                      class="rs__indicators css-1hb7zxy-IndicatorsContainer"
                    >
                      <span
                        class="rs__indicator-separator css-1okebmr-indicatorSeparator"
                      />
                      <div
                        aria-hidden="true"
                        class="rs__indicator rs__dropdown-indicator css-tlfecz-indicatorContainer"
                      >
                        <svg
                          aria-hidden="true"
                          class="css-tj5bde-Svg"
                          focusable="false"
                          height="20"
                          viewBox="0 0 20 20"
                          width="20"
                        >
                          <path
                            d="M4.516 7.548c0.436-0.446 1.043-0.481 1.576 0l3.908 3.747 3.908-3.747c0.533-0.481 1.141-0.446 1.574 0 0.436 0.445 0.408 1.197 0 1.615-0.406 0.418-4.695 4.502-4.695 4.502-0.217 0.223-0.502 0.335-0.787 0.335s-0.57-0.112-0.789-0.335c0 0-4.287-4.084-4.695-4.502s-0.436-1.17 0-1.615z"
                          />
                        </svg>
                      </div>
                    </div>
                  </div>
                  <input
                    name="user"
                    type="hidden"
                    value=""
                  />
                </div>
              </div>
              <input
                autocomplete="off"
                style="opacity: 0; width: 100%; height: 0px; position: absolute;"
                tabindex="-1"
                value=""
              />
            </div>
            <div
              class="sc-gXmSlM bRtEkj frm-in rag"
              direction="col-row"
              name="timeFrame"
            >
              <div>
                <div
                  title="Date created"
                >
                  <label
                    class=""
                    data-tooltip-id="main-tooltip"
                  >
                    Time Frame
                  </label>
                  <svg
                    aria-hidden="true"
                    class="svg-inline--fa fa-circle-info "
                    data-icon="circle-info"
                    data-prefix="fas"
                    focusable="false"
                    role="img"
                    viewBox="0 0 512 512"
                    xmlns="http://www.w3.org/2000/svg"
                  >
                    <path
                      d="M256 512c141.4 0 256-114.6 256-256S397.4 0 256 0S0 114.6 0 256S114.6 512 256 512zM216 336h24V272H216c-13.3 0-24-10.7-24-24s10.7-24 24-24h48c13.3 0 24 10.7 24 24v88h8c13.3 0 24 10.7 24 24s-10.7 24-24 24H216c-13.3 0-24-10.7-24-24s10.7-24 24-24zm40-144c-17.7 0-32-14.3-32-32s14.3-32 32-32s32 14.3 32 32s-14.3 32-32 32z"
                      fill="currentColor"
                    />
                  </svg>
                </div>
                <span
                  class="sc-cCsOjp hmLSuj"
                >
                  <input
                    class="sc-himrzO eYGWXq rad "
                    data-tooltip-id="main-tooltip"
                    id="rad-timeFrame-0"
                    name="timeFrame"
                    type="radio"
                    value="0"
                  />
                  <label
                    for="rad-timeFrame-0"
                  >
                    Today
                  </label>
                </span>
                <span
                  class="sc-cCsOjp hmLSuj"
                >
                  <input
                    class="sc-himrzO eYGWXq rad "
                    data-tooltip-id="main-tooltip"
                    id="rad-timeFrame-1"
                    name="timeFrame"
                    type="radio"
                    value="1"
                  />
                  <label
                    for="rad-timeFrame-1"
                  >
                    24hrs
                  </label>
                </span>
                <span
                  class="sc-cCsOjp hmLSuj"
                >
                  <input
                    class="sc-himrzO eYGWXq rad "
                    data-tooltip-id="main-tooltip"
                    id="rad-timeFrame-2"
                    name="timeFrame"
                    type="radio"
                    value="2"
                  />
                  <label
                    for="rad-timeFrame-2"
                  >
                    48hrs
                  </label>
                </span>
                <span
                  class="sc-cCsOjp hmLSuj"
                >
                  <input
                    class="sc-himrzO eYGWXq rad "
                    data-tooltip-id="main-tooltip"
                    id="rad-timeFrame-3"
                    name="timeFrame"
                    type="radio"
                    value="3"
                  />
                  <label
                    for="rad-timeFrame-3"
                  >
                    All
                  </label>
                </span>
              </div>
            </div>
            <div
              class="frm-in chg"
            >
              <label>
                Filters
              </label>
              <div
                class="action-filters"
              >
                <div>
                  <div
                    class="sc-ezWOiH cSknoo frm-in chk"
                    data-tooltip-id="main-tooltip"
                    data-tooltip-content="Newspaper content without audio/video"
                  >
                    <div>
                      <input
                        class="sc-bZkfAO kpjNYO"
                        id="isPrintContent-true"
                        name="isPrintContent"
                        role="none"
                        type="checkbox"
                        value="true"
                      />
                      <label
                        for="isPrintContent-true"
                      >
                        Print Content
                      </label>
                    </div>
                  </div>
                  <div
                    class="sc-ezWOiH cSknoo frm-in chk"
                    data-tooltip-id="main-tooltip"
                    data-tooltip-content="Content included in Event of the Day"
                  >
                    <div>
                      <input
                        class="sc-bZkfAO kpjNYO"
                        id="includedInCategory-true"
                        name="includedInCategory"
                        role="none"
                        type="checkbox"
                        value="true"
                      />
                      <label
                        for="includedInCategory-true"
                      >
                        Included in EoD
                      </label>
                    </div>
                  </div>
                  <div
                    class="sc-ezWOiH cSknoo frm-in chk"
                    data-tooltip-id="main-tooltip"
                    data-tooltip-content="Content identified as on ticker"
                  >
                    <div>
                      <input
                        checked=""
                        class="sc-bZkfAO kpjNYO"
                        id="ticker-On Ticker"
                        name="ticker"
                        role="none"
                        type="checkbox"
                        value="On Ticker"
                      />
                      <label
                        for="ticker-On Ticker"
                      >
                        On Ticker
                      </label>
                    </div>
                  </div>
                </div>
                <div>
                  <div
                    class="sc-ezWOiH cSknoo frm-in chk"
                    data-tooltip-id="main-tooltip"
                    data-tooltip-content="Content identified as commentary"
                  >
                    <div>
                      <input
                        checked=""
                        class="sc-bZkfAO kpjNYO"
                        id="commentary-Commentary"
                        name="commentary"
                        role="none"
                        type="checkbox"
                        value="Commentary"
                      />
                      <label
                        for="commentary-Commentary"
                      >
                        Commentary
                      </label>
                    </div>
                  </div>
                  <div
                    class="sc-ezWOiH cSknoo frm-in chk"
                    data-tooltip-id="main-tooltip"
                    data-tooltip-content="Content identified as a top story"
                  >
                    <div>
                      <input
                        checked=""
                        class="sc-bZkfAO kpjNYO"
                        id="topStory-Top Story"
                        name="topStory"
                        role="none"
                        type="checkbox"
                        value="Top Story"
                      />
                      <label
                        for="topStory-Top Story"
                      >
                        Top Story
                      </label>
                    </div>
                  </div>
                </div>
              </div>
            </div>
          </div>
          <div
            class="box"
          >
            <h2
              class="caps"
            >
              Advanced Search
            </h2>
            <div
              class="box-content"
            >
              <div
                class="sc-gKXOVf kfUyED sc-ciZhAO hrGZIe frm-in"
                direction="column"
              >
                <div>
                  <label
                    class=""
                    for="sel-fieldType"
                  >
                    Field Type
                  </label>
                </div>
                <div
                  class="sc-iBkjds hlCHXr"
                  data-tooltip-id="select-tooltip"
                  direction="row"
                >
                  <div
                    class="sc-jdAMXn fGfVtf css-b62m3t-container"
                    id="sel-fieldType"
                  >
                    <span
                      class="css-1f43avz-a11yText-A11yText"
                      id="react-select-4-live-region"
                    />
                    <span
                      aria-atomic="false"
                      aria-live="polite"
                      aria-relevant="additions text"
                      class="css-1f43avz-a11yText-A11yText"
                    />
                    <div
                      class="rs__control css-1s2u09g-control"
                    >
                      <div
                        class="rs__value-container css-319lph-ValueContainer"
                      >
                        <div
                          class="rs__placeholder css-14el2xx-placeholder"
                          id="react-select-4-placeholder"
                        >
                          Select...
                        </div>
                        <div
                          class="rs__input-container css-6j8wv5-Input"
                          data-value=""
                        >
                          <input
                            aria-autocomplete="list"
                            aria-describedby="react-select-4-placeholder"
                            aria-expanded="false"
                            aria-haspopup="true"
                            autocapitalize="none"
                            autocomplete="off"
                            autocorrect="off"
                            class="rs__input"
                            id="react-select-4-input"
                            role="combobox"
                            spellcheck="false"
                            style="opacity: 1; width: 100%; grid-area: 1 / 2; min-width: 2px; border: 0px; margin: 0px; outline: 0; padding: 0px;"
                            tabindex="0"
                            type="text"
                            value=""
                          />
                        </div>
                      </div>
                      <div
                        class="rs__indicators css-1hb7zxy-IndicatorsContainer"
                      >
                        <span
                          class="rs__indicator-separator css-1okebmr-indicatorSeparator"
                        />
                        <div
                          aria-hidden="true"
                          class="rs__indicator rs__dropdown-indicator css-tlfecz-indicatorContainer"
                        >
                          <svg
                            aria-hidden="true"
                            class="css-tj5bde-Svg"
                            focusable="false"
                            height="20"
                            viewBox="0 0 20 20"
                            width="20"
                          >
                            <path
                              d="M4.516 7.548c0.436-0.446 1.043-0.481 1.576 0l3.908 3.747 3.908-3.747c0.533-0.481 1.141-0.446 1.574 0 0.436 0.445 0.408 1.197 0 1.615-0.406 0.418-4.695 4.502-4.695 4.502-0.217 0.223-0.502 0.335-0.787 0.335s-0.57-0.112-0.789-0.335c0 0-4.287-4.084-4.695-4.502s-0.436-1.17 0-1.615z"
                            />
                          </svg>
                        </div>
                      </div>
                    </div>
                    <input
                      name="fieldType"
                      type="hidden"
                      value=""
                    />
                  </div>
                </div>
                <input
                  autocomplete="off"
                  style="opacity: 0; width: 100%; height: 0px; position: absolute;"
                  tabindex="-1"
                  value=""
                />
              </div>
              <div
                class="sc-gKXOVf kfUyED sc-papXJ hYTOAr frm-in"
                direction="column"
              >
                <div>
                  <label
                    class=""
                    for="txt-searchTerm"
                  >
                    Search Terms
                  </label>
                </div>
                <div
                  class="sc-iBkjds fXRMrf"
                  direction="row"
                >
                  <input
                    class="sc-jqUVSM leDEwi txt test"
                    data-tooltip-id="main-tooltip"
                    name="searchTerm"
                    role="none"
                    type="text"
                    value=""
                    width="100%"
                  />
                </div>
              </div>
            </div>
            <div
              class="sc-gKXOVf exWIMq frm-in dateRange"
              direction="column"
            >
              <label
                data-tooltip-id="main-tooltip"
                data-tooltip-content="Date created"
              >
                Date Range
              </label>
              <div
                class="sc-iBkjds hlCHXr"
                direction="row"
              >
                <div
                  class="sc-kLLXSd hHcUYA frm-in"
                  role="none"
                  width="10em"
                >
                  <div
                    class="react-datepicker-wrapper"
                  >
                    <div
                      class="react-datepicker__input-container"
                    >
                      <input
                        class="dpk"
                        name="startDate"
                        placeholder="YYYY MM DD"
                        type="text"
                        value=""
                      />
                    </div>
                  </div>
                </div>
                <div
                  class="sc-kLLXSd hHcUYA frm-in"
                  role="none"
                  width="10em"
                >
                  <div
                    class="react-datepicker-wrapper"
                  >
                    <div
                      class="react-datepicker__input-container"
                    >
                      <input
                        class="dpk"
                        name="endDate"
                        placeholder="YYYY MM DD"
                        type="text"
                        value=""
                      />
                    </div>
                  </div>
                </div>
              </div>
            </div>
            <button
              class="sc-eCYdqJ GWhWw button "
              data-tooltip-id="main-tooltip"
              name="search"
              type="button"
            >
              <div>
                Search
              </div>
            </button>
            <button
              class="sc-eCYdqJ jrZZUV button "
              data-tooltip-id="main-tooltip"
              name="clear"
              type="button"
            >
              <div>
                Clear
              </div>
            </button>
          </div>
        </div>
        <div
          class="sc-iBkjds hlCHXr content-list"
          direction="row"
        >
          <div
            class="sc-kDDrLX lhrong table"
            role="table"
            style="min-width: 0px;"
          >
            <div
              role="rowheader"
            >
              <div
                class="rh"
                role="row"
                style="display: flex; flex: 1 0 auto; min-width: 0px;"
              >
                <div
                  class="h-id"
                  colspan="1"
                  role="columnheader"
                  style="box-sizing: border-box; flex: 5 0 auto; min-width: 0px; width: 5px; cursor: pointer;"
                  title="Toggle SortBy"
                >
                  Headline
                  <svg
                    class="filterable"
                    fill="currentColor"
                    height="10px"
                    stroke="currentColor"
                    stroke-width="0"
                    viewBox="0 0 512 512"
                    width="10px"
                    xmlns="http://www.w3.org/2000/svg"
                  >
                    <path
                      d="M487.976 0H24.028C2.71 0-8.047 25.866 7.058 40.971L192 225.941V432c0 7.831 3.821 15.17 10.237 19.662l80 55.98C298.02 518.69 320 507.493 320 487.98V225.941l184.947-184.97C520.021 25.896 509.338 0 487.976 0z"
                    />
                  </svg>
                </div>
                <div
                  class="h-otherSource"
                  colspan="1"
                  role="columnheader"
                  style="box-sizing: border-box; flex: 1 0 auto; min-width: 0px; width: 1px; cursor: pointer;"
                  title="Toggle SortBy"
                >
                  Source
                  <svg
                    class="filterable"
                    fill="currentColor"
                    height="10px"
                    stroke="currentColor"
                    stroke-width="0"
                    viewBox="0 0 512 512"
                    width="10px"
                    xmlns="http://www.w3.org/2000/svg"
                  >
                    <path
                      d="M487.976 0H24.028C2.71 0-8.047 25.866 7.058 40.971L192 225.941V432c0 7.831 3.821 15.17 10.237 19.662l80 55.98C298.02 518.69 320 507.493 320 487.98V225.941l184.947-184.97C520.021 25.896 509.338 0 487.976 0z"
                    />
                  </svg>
                </div>
                <div
                  class="h-productId"
                  colspan="1"
                  role="columnheader"
                  style="box-sizing: border-box; flex: 2 0 auto; min-width: 0px; width: 2px; cursor: pointer;"
                  title="Toggle SortBy"
                >
                  Designation
                  <svg
                    class="filterable"
                    fill="currentColor"
                    height="10px"
                    stroke="currentColor"
                    stroke-width="0"
                    viewBox="0 0 512 512"
                    width="10px"
                    xmlns="http://www.w3.org/2000/svg"
                  >
                    <path
                      d="M487.976 0H24.028C2.71 0-8.047 25.866 7.058 40.971L192 225.941V432c0 7.831 3.821 15.17 10.237 19.662l80 55.98C298.02 518.69 320 507.493 320 487.98V225.941l184.947-184.97C520.021 25.896 509.338 0 487.976 0z"
                    />
                  </svg>
                </div>
                <div
                  class="h-ownerId"
                  colspan="1"
                  role="columnheader"
                  style="box-sizing: border-box; flex: 1 0 auto; min-width: 0px; width: 1px; cursor: pointer;"
                  title="Toggle SortBy"
                >
                  Username
                  <svg
                    class="filterable"
                    fill="currentColor"
                    height="10px"
                    stroke="currentColor"
                    stroke-width="0"
                    viewBox="0 0 512 512"
                    width="10px"
                    xmlns="http://www.w3.org/2000/svg"
                  >
                    <path
                      d="M487.976 0H24.028C2.71 0-8.047 25.866 7.058 40.971L192 225.941V432c0 7.831 3.821 15.17 10.237 19.662l80 55.98C298.02 518.69 320 507.493 320 487.98V225.941l184.947-184.97C520.021 25.896 509.338 0 487.976 0z"
                    />
                  </svg>
                </div>
                <div
                  class="h-status"
                  colspan="1"
                  role="columnheader"
                  style="box-sizing: border-box; flex: 1 0 auto; min-width: 0px; width: 1px; cursor: pointer;"
                  title="Toggle SortBy"
                >
                  Status
                  <svg
                    class="filterable"
                    fill="currentColor"
                    height="10px"
                    stroke="currentColor"
                    stroke-width="0"
                    viewBox="0 0 512 512"
                    width="10px"
                    xmlns="http://www.w3.org/2000/svg"
                  >
                    <path
                      d="M487.976 0H24.028C2.71 0-8.047 25.866 7.058 40.971L192 225.941V432c0 7.831 3.821 15.17 10.237 19.662l80 55.98C298.02 518.69 320 507.493 320 487.98V225.941l184.947-184.97C520.021 25.896 509.338 0 487.976 0z"
                    />
                  </svg>
                </div>
                <div
                  class="h-publishedOn"
                  colspan="1"
                  role="columnheader"
                  style="box-sizing: border-box; flex: 1 0 auto; min-width: 0px; width: 1px; cursor: pointer;"
                  title="Toggle SortBy"
                >
                  Pub Date
                  <svg
                    class="filterable"
                    fill="currentColor"
                    height="10px"
                    stroke="currentColor"
                    stroke-width="0"
                    viewBox="0 0 512 512"
                    width="10px"
                    xmlns="http://www.w3.org/2000/svg"
                  >
                    <path
                      d="M487.976 0H24.028C2.71 0-8.047 25.866 7.058 40.971L192 225.941V432c0 7.831 3.821 15.17 10.237 19.662l80 55.98C298.02 518.69 320 507.493 320 487.98V225.941l184.947-184.97C520.021 25.896 509.338 0 487.976 0z"
                    />
                  </svg>
                </div>
                <div
                  class="h-use"
                  colspan="1"
                  role="columnheader"
                  style="box-sizing: border-box; flex: 1 0 auto; min-width: 0px; width: 1px;"
                >
                  Use
                </div>
              </div>
            </div>
            <div
              class="sc-iBkjds dzAJpz"
              direction="row"
            >
              <div
                class="sc-hKMtZM ldylOE"
              >
                <span
                  class="sc-dkzDqf icKNkF"
                >
                  Loading...
                </span>
              </div>
            </div>
            <div
              class="sc-iqcoie tRkXg"
            >
              <div
                class="sc-iBkjds dzAJpz button-container"
                direction="row"
              >
                <button
                  class="sc-eCYdqJ jGzYem button "
                  data-tooltip-id="main-tooltip"
                  disabled=""
                  name="firstPage"
                  type="button"
                >
                  <div>
                    <svg
                      fill="currentColor"
                      height="1em"
                      stroke="currentColor"
                      stroke-width="0"
                      viewBox="0 0 24 24"
                      width="1em"
                      xmlns="http://www.w3.org/2000/svg"
                    >
                      <path
                        d="m16.293 17.707 1.414-1.414L13.414 12l4.293-4.293-1.414-1.414L10.586 12zM7 6h2v12H7z"
                      />
                    </svg>
                  </div>
                </button>
                <button
                  class="sc-eCYdqJ jGzYem button active"
                  data-tooltip-id="main-tooltip"
                  disabled=""
                  type="button"
                >
                  <div>
                    1
                  </div>
                </button>
                <button
                  class="sc-eCYdqJ jGzYem button "
                  data-tooltip-id="main-tooltip"
                  disabled=""
                  name="lastPage"
                  type="button"
                >
                  <div>
                    <svg
                      fill="currentColor"
                      height="1em"
                      stroke="currentColor"
                      stroke-width="0"
                      viewBox="0 0 24 24"
                      width="1em"
                      xmlns="http://www.w3.org/2000/svg"
                    >
                      <path
                        d="M7.707 17.707 13.414 12 7.707 6.293 6.293 7.707 10.586 12l-4.293 4.293zM15 6h2v12h-2z"
                      />
                    </svg>
                  </div>
                </button>
              </div>
            </div>
          </div>
        </div>
        <div
          class="sc-iBkjds hlCHXr content-actions"
          direction="row"
        >
          <button
            class="sc-eCYdqJ jrZZUV button "
            data-tooltip-id="main-tooltip"
            name="create"
            type="button"
          >
            <div>
              Create Audio/Video
            </div>
          </button>
          <button
            class="sc-eCYdqJ jrZZUV button "
            data-tooltip-id="main-tooltip"
            name="create"
            type="button"
          >
            <div>
              Create Print Content
            </div>
          </button>
        </div>
      </div>
    </div>
  </div>
</div>
`;
